// Jest Snapshot v1, https://goo.gl/fbAQLP

exports[`EditGasFee1559 should render correctly 1`] = `
<View
  style={
    Object {
      "backgroundColor": "#ffffff",
      "borderTopLeftRadius": 20,
      "borderTopRightRadius": 20,
      "maxHeight": "95%",
      "minHeight": 200,
      "paddingBottom": 32,
      "paddingTop": 24,
    }
  }
>
  <ScrollView
    style={
      Object {
        "paddingHorizontal": 24,
      }
    }
  >
    <TouchableWithoutFeedback>
      <View>
        <View>
          <View
            style={
              Object {
                "alignItems": "center",
                "flexDirection": "row",
                "justifyContent": "space-between",
                "paddingBottom": 20,
                "width": "100%",
              }
            }
          >
            <TouchableOpacity>
              <Icon
                allowFontScaling={false}
                color="#24272a"
                name="ios-arrow-back"
                size={24}
              />
            </TouchableOpacity>
            <Text
              blue={false}
              bold={true}
              centered={false}
              disclaimer={false}
              error={false}
              info={false}
              link={false}
              modal={false}
              primary={false}
              reset={false}
              right={false}
              small={false}
              strikethrough={false}
              success={false}
              textAlternative={false}
              textDefault={true}
              underline={false}
              upper={false}
              warning={false}
            >
              Edit priority
            </Text>
            <Icon
              allowFontScaling={false}
              color="#ffffff"
              name="ios-arrow-back"
              size={24}
            />
          </View>
        </View>
        <FadeAnimationView
          style={
            Object {
              "alignItems": "center",
              "marginBottom": 22,
            }
          }
          valueToWatch="undefinedundefined"
        >
          <View
            style={
              Object {
                "flexDirection": "row",
              }
            }
          >
            <Text
              adjustsFontSizeToFit={true}
              blue={false}
              bold={false}
              centered={false}
              disclaimer={false}
              error={false}
              info={false}
              link={false}
              modal={false}
              noMargin={true}
              numberOfLines={1}
              primary={false}
              reset={false}
              right={false}
              small={false}
              strikethrough={false}
              style={
                Object {
                  "flex": 1,
                  "fontSize": 48,
                  "textAlign": "center",
                }
              }
              success={false}
              textAlternative={false}
              textDefault={true}
              underline={false}
              upper={false}
              warning={false}
            >
              ~
            </Text>
          </View>
          <Text
            big={true}
            blue={false}
            bold={false}
            centered={false}
            disclaimer={false}
            error={false}
            info={false}
            link={false}
            modal={false}
            noMargin={true}
            primary={false}
            reset={false}
            right={false}
            small={false}
            strikethrough={false}
            style={
              Object {
                "marginBottom": 6,
              }
            }
            success={false}
            textAlternative={false}
            textDefault={true}
            underline={false}
            upper={false}
            warning={false}
          >
            <Text
              blue={false}
              bold={true}
              centered={false}
              disclaimer={false}
              error={false}
              info={false}
              link={false}
              modal={false}
              noMargin={true}
              primary={false}
              reset={false}
              right={false}
              small={false}
              strikethrough={false}
              success={false}
              textAlternative={false}
              textDefault={true}
              underline={false}
              upper={false}
              warning={false}
            >
              Max fee
              :
               
            </Text>
             (
            )
          </Text>
          <View
            style={
              Object {
                "alignItems": "center",
                "flexDirection": "row",
              }
            }
          >
            <Text
              blue={false}
              bold={true}
              centered={false}
              disclaimer={false}
              error={false}
              info={false}
              link={false}
              modal={false}
              primary={false}
              reset={false}
              right={false}
              small={false}
              strikethrough={false}
              success={false}
              textAlternative={false}
              textDefault={false}
              underline={false}
              upper={false}
              warning={false}
            />
          </View>
        </FadeAnimationView>
        <View>
          <FadeAnimationView
            valueToWatch="undefinedundefined"
          >
            <View>
              <HorizontalSelector
                onPress={[Function]}
                options={
                  Array [
                    Object {
                      "label": [Function],
                      "name": "low",
                      "topLabel": false,
                    },
                    Object {
                      "label": [Function],
                      "name": "medium",
                      "topLabel": false,
                    },
                    Object {
                      "label": [Function],
                      "name": "high",
                      "topLabel": false,
                    },
                  ]
                }
              />
            </View>
            <View
              style={
                Object {
                  "marginBottom": 30,
                  "marginTop": 25,
                }
              }
            >
              <TouchableOpacity
                onPress={[Function]}
                style={
                  Object {
                    "alignItems": "center",
                    "flexDirection": "row",
                    "justifyContent": "center",
                  }
                }
              >
                <Text
                  blue={false}
                  bold={true}
                  centered={false}
                  disclaimer={false}
                  error={false}
                  info={false}
                  link={true}
                  modal={false}
                  noMargin={true}
                  primary={false}
                  reset={false}
                  right={false}
                  small={false}
                  strikethrough={false}
                  success={false}
                  textAlternative={false}
                  textDefault={false}
                  underline={false}
                  upper={false}
                  warning={false}
                >
                  Advanced options
                </Text>
                <Text
                  blue={false}
                  bold={true}
                  centered={false}
                  disclaimer={false}
                  error={false}
                  info={false}
                  link={true}
                  modal={false}
                  noMargin={true}
                  primary={false}
                  reset={false}
                  right={false}
                  small={false}
                  strikethrough={false}
                  style={
                    Object {
                      "marginLeft": 5,
                      "paddingTop": 1,
                    }
                  }
                  success={false}
                  textAlternative={false}
                  textDefault={false}
                  underline={false}
                  upper={false}
                  warning={false}
                >
                  <Icon
                    allowFontScaling={false}
                    name="ios-arrow-up"
                    size={12}
                  />
                </Text>
              </TouchableOpacity>
              <View
                style={
                  Object {
                    "marginTop": 14,
                  }
                }
              >
                <View
                  style={
                    Object {
                      "marginBottom": 20,
                    }
                  }
                >
                  <RangeInput
                    increment={"1000"}
                    leftLabelComponent={
                      <View
                        style={
                          Object {
                            "alignItems": "center",
                            "flexDirection": "row",
                          }
                        }
                      >
                        <Text
                          blue={false}
                          bold={true}
                          centered={false}
                          disclaimer={false}
                          error={false}
                          info={false}
                          link={false}
                          modal={false}
                          noMargin={true}
                          primary={false}
                          reset={false}
                          right={false}
                          small={false}
                          strikethrough={false}
                          success={false}
                          textAlternative={false}
                          textDefault={true}
                          underline={false}
                          upper={false}
                          warning={false}
                        >
                          Gas limit
                           
                        </Text>
                        <TouchableOpacity
                          hitSlop={
                            Object {
                              "bottom": 10,
                              "left": 10,
                              "right": 10,
                              "top": 10,
                            }
                          }
                          onPress={[Function]}
                        >
                          <Icon
                            allowFontScaling={false}
                            name="information"
                            size={14}
                            style={
                              Object {
                                "color": "#5b5d67",
                              }
                            }
                          />
                        </TouchableOpacity>
                      </View>
                    }
                    min={"21000"}
                    name="Gas limit"
                    onChangeValue={[Function]}
                  />
                </View>
                <View
                  style={
                    Object {
                      "marginBottom": 20,
                    }
                  }
                >
                  <RangeInput
                    error={null}
                    increment={"1"}
                    leftLabelComponent={
                      <View
                        style={
                          Object {
                            "alignItems": "center",
                            "flexDirection": "row",
                          }
                        }
                      >
                        <Text
                          blue={false}
                          bold={true}
                          centered={false}
                          disclaimer={false}
                          error={false}
                          info={false}
                          link={false}
                          modal={false}
                          noMargin={true}
                          primary={false}
                          reset={false}
                          right={false}
                          small={false}
                          strikethrough={false}
                          success={false}
                          textAlternative={false}
                          textDefault={true}
                          underline={false}
                          upper={false}
                          warning={false}
                        >
                          Max priority fee
                           
                        </Text>
                        <TouchableOpacity
                          hitSlop={
                            Object {
                              "bottom": 10,
                              "left": 10,
                              "right": 10,
                              "top": 10,
                            }
                          }
                          onPress={[Function]}
                        >
                          <Icon
                            allowFontScaling={false}
                            name="information"
                            size={14}
                            style={
                              Object {
                                "color": "#5b5d67",
                              }
                            }
                          />
                        </TouchableOpacity>
                      </View>
                    }
                    min={"0.000001"}
                    name="Max priority fee"
                    onChangeValue={[Function]}
                    rightLabelComponent={
                      <Text
                        blue={false}
                        bold={false}
                        centered={false}
                        disclaimer={false}
                        error={false}
                        info={false}
                        link={false}
                        modal={false}
                        noMargin={true}
                        primary={false}
                        reset={false}
                        right={false}
                        small={true}
                        strikethrough={false}
                        success={false}
                        textAlternative={true}
                        textDefault={false}
                        underline={false}
                        upper={false}
                        warning={false}
                      >
                        <Text
                          blue={false}
                          bold={true}
                          centered={false}
                          disclaimer={false}
                          error={false}
                          info={false}
                          link={false}
                          modal={false}
                          primary={false}
                          reset={true}
                          right={false}
                          small={false}
                          strikethrough={false}
                          success={false}
                          textAlternative={false}
                          textDefault={false}
                          underline={false}
                          upper={false}
                          warning={false}
                        >
                          Estimate
                          :
                        </Text>
                         
                         GWEI
                      </Text>
                    }
                    unit="GWEI"
                    value="2"
                  />
                </View>
                <View
                  style={
                    Object {
                      "marginBottom": 20,
                    }
                  }
                >
                  <RangeInput
                    error={null}
                    increment={"1"}
                    leftLabelComponent={
                      <View
                        style={
                          Object {
                            "alignItems": "center",
                            "flexDirection": "row",
                          }
                        }
                      >
                        <Text
                          blue={false}
                          bold={true}
                          centered={false}
                          disclaimer={false}
                          error={false}
                          info={false}
                          link={false}
                          modal={false}
                          noMargin={true}
                          primary={false}
                          reset={false}
                          right={false}
                          small={false}
                          strikethrough={false}
                          success={false}
                          textAlternative={false}
                          textDefault={true}
                          underline={false}
                          upper={false}
                          warning={false}
                        >
                          Max fee
                           
                        </Text>
                        <TouchableOpacity
                          hitSlop={
                            Object {
                              "bottom": 10,
                              "left": 10,
                              "right": 10,
                              "top": 10,
                            }
                          }
                          onPress={[Function]}
                        >
                          <Icon
                            allowFontScaling={false}
                            name="information"
                            size={14}
                            style={
                              Object {
                                "color": "#5b5d67",
                              }
                            }
                          />
                        </TouchableOpacity>
                      </View>
                    }
                    min={"0.000001"}
                    name="Max fee"
                    onChangeValue={[Function]}
                    rightLabelComponent={
                      <Text
                        blue={false}
                        bold={false}
                        centered={false}
                        disclaimer={false}
                        error={false}
                        info={false}
                        link={false}
                        modal={false}
                        noMargin={true}
                        primary={false}
                        reset={false}
                        right={false}
                        small={true}
                        strikethrough={false}
                        success={false}
                        textAlternative={true}
                        textDefault={false}
                        underline={false}
                        upper={false}
                        warning={false}
                      >
                        <Text
                          blue={false}
                          bold={true}
                          centered={false}
                          disclaimer={false}
                          error={false}
                          info={false}
                          link={false}
                          modal={false}
                          primary={false}
                          reset={true}
                          right={false}
                          small={false}
                          strikethrough={false}
                          success={false}
                          textAlternative={false}
                          textDefault={false}
                          underline={false}
                          upper={false}
                          warning={false}
                        >
                          Estimate
                          :
                        </Text>
                         
                         GWEI
                      </Text>
                    }
                    unit="GWEI"
                    value="50"
                  />
                </View>
              </View>
            </View>
          </FadeAnimationView>
          <View>
            <TouchableOpacity
              onPress={[Function]}
              style={
                Object {
                  "marginBottom": 20,
                }
              }
            >
              <Text
                blue={false}
                bold={false}
                centered={true}
                disclaimer={false}
                error={false}
                info={false}
                link={true}
                modal={false}
                primary={false}
                reset={false}
                right={false}
                small={false}
                strikethrough={false}
                success={false}
                textAlternative={false}
                textDefault={false}
                underline={false}
                upper={false}
                warning={false}
              >
                How should I choose?
              </Text>
            </TouchableOpacity>
            <StyledButton
              disabledContainerStyle={
                Object {
                  "opacity": 0.6,
                }
              }
              onPress={[Function]}
              styleDisabled={
                Object {
                  "opacity": 0.6,
                }
              }
              type="confirm"
            >
              Save
            </StyledButton>
          </View>
        </View>
        <InfoModal
          body={
            <View>
              <Text
                blue={false}
                bold={false}
                centered={false}
                disclaimer={false}
                error={false}
                info={false}
                infoModal={true}
                link={false}
                modal={false}
                primary={false}
                reset={false}
                right={false}
                small={false}
                strikethrough={false}
                success={false}
                textAlternative={true}
                textDefault={false}
                underline={false}
                upper={false}
                warning={false}
              >
                We have updated the gas fee based on current network conditions and have increased it by at least 10% (required by the network). 
              </Text>
            </View>
          }
          isVisible={false}
          title={null}
          toggleModal={[Function]}
        />
        <InfoModal
          body={
            <View
              style={
                Object {
                  "maxHeight": 933.8,
                }
              }
            >
              <ScrollView>
                <TouchableWithoutFeedback>
                  <View>
                    <Text
                      blue={false}
                      bold={false}
                      centered={false}
                      disclaimer={false}
                      error={false}
                      info={false}
                      infoModal={true}
                      link={false}
                      modal={false}
                      noMargin={true}
                      primary={false}
                      reset={false}
                      right={false}
                      small={false}
                      strikethrough={false}
                      success={false}
                      textAlternative={true}
                      textDefault={false}
                      underline={false}
                      upper={false}
                      warning={false}
                    >
                      Selecting the right gas fee depends on the type of transaction and how important it is to you.
                    </Text>
                    <Text
                      blue={false}
                      bold={true}
                      centered={false}
                      disclaimer={false}
                      error={false}
                      info={false}
                      infoModal={true}
                      link={false}
                      modal={false}
                      noMargin={true}
                      primary={true}
                      reset={false}
                      right={false}
                      small={false}
                      strikethrough={false}
                      style={
                        Object {
                          "marginTop": 9,
                        }
                      }
                      success={false}
                      textAlternative={false}
                      textDefault={false}
                      underline={false}
                      upper={false}
                      warning={false}
                    >
                      High
                    </Text>
                    <Text
                      blue={false}
                      bold={false}
                      centered={false}
                      disclaimer={false}
                      error={false}
                      info={false}
                      infoModal={true}
                      link={false}
                      modal={false}
                      noMargin={true}
                      primary={false}
                      reset={false}
                      right={false}
                      small={false}
                      strikethrough={false}
                      success={false}
                      textAlternative={true}
                      textDefault={false}
                      underline={false}
                      upper={false}
                      warning={false}
                    >
                      This is best for time sensitive transactions (like Swaps) as it increases the likelihood of a successful transaction. If a Swap takes too long to process it may fail and result in losing some of your gas fee.
                    </Text>
                    <Text
                      blue={false}
                      bold={true}
                      centered={false}
                      disclaimer={false}
                      error={false}
                      info={false}
                      infoModal={true}
                      link={false}
                      modal={false}
                      noMargin={true}
                      primary={true}
                      reset={false}
                      right={false}
                      small={false}
                      strikethrough={false}
                      style={
                        Object {
                          "marginTop": 9,
                        }
                      }
                      success={false}
                      textAlternative={false}
                      textDefault={false}
                      underline={false}
                      upper={false}
                      warning={false}
                    >
                      Medium
                    </Text>
                    <Text
                      blue={false}
                      bold={false}
                      centered={false}
                      disclaimer={false}
                      error={false}
                      info={false}
                      infoModal={true}
                      link={false}
                      modal={false}
                      noMargin={true}
                      primary={false}
                      reset={false}
                      right={false}
                      small={false}
                      strikethrough={false}
                      success={false}
                      textAlternative={true}
                      textDefault={false}
                      underline={false}
                      upper={false}
                      warning={false}
                    >
                      A medium gas fee is good for sending, withdrawing or other non-time sensitive transactions. This setting will most often result in a successful transaction.
                    </Text>
                    <Text
                      blue={false}
                      bold={true}
                      centered={false}
                      disclaimer={false}
                      error={false}
                      info={false}
                      infoModal={true}
                      link={false}
                      modal={false}
                      noMargin={true}
                      primary={true}
                      reset={false}
                      right={false}
                      small={false}
                      strikethrough={false}
                      style={
                        Object {
                          "marginTop": 9,
                        }
                      }
                      success={false}
                      textAlternative={false}
                      textDefault={false}
                      underline={false}
                      upper={false}
                      warning={false}
                    >
                      Low
                    </Text>
                    <Text
                      blue={false}
                      bold={false}
                      centered={false}
                      disclaimer={false}
                      error={false}
                      info={false}
                      infoModal={true}
                      link={false}
                      modal={false}
                      noMargin={true}
                      primary={false}
                      reset={false}
                      right={false}
                      small={false}
                      strikethrough={false}
                      success={false}
                      textAlternative={true}
                      textDefault={false}
                      underline={false}
                      upper={false}
                      warning={false}
                    >
                      A low gas fee should only be used for unimportant transactions or when network traffic is very low. With a lower fee it can be hard to predict when (or if) your transaction will be successful.
                    </Text>
                  </View>
                </TouchableWithoutFeedback>
              </ScrollView>
            </View>
          }
          isVisible={false}
          propagateSwipe={true}
          title="How should I choose?"
          toggleModal={[Function]}
        />
        <TimeEstimateInfoModal
          isVisible={false}
          onHideModal={[Function]}
        />
      </View>
    </TouchableWithoutFeedback>
  </ScrollView>
</View>
`;
