// Jest Snapshot v1, https://goo.gl/fbAQLP

exports[`BiometryButton should render correctly 1`] = `
<TouchableOpacity
  hitSlop={
    Object {
      "bottom": 10,
      "left": 10,
      "right": 10,
      "top": 10,
    }
  }
>
  <Icon
    allowFontScaling={false}
    color="hsla(210, 8%, 15%, 1)"
    name="ios-finger-print"
    size={28}
    style={
      Object {
        "marginBottom": -3,
      }
    }
  />
</TouchableOpacity>
`;
