// Jest Snapshot v1, https://goo.gl/fbAQLP

exports[`Collectibles should render correctly 1`] = `
<View
  style={
    Object {
      "backgroundColor": "#141618",
      "flex": 1,
    }
  }
  testID="collectibles"
>
  <ScrollView
    refreshControl={
      <RefreshControlMock
        refreshing={false}
      />
    }
  >
    <View
      style={
        Object {
          "alignItems": "center",
          "backgroundColor": "#141618",
          "justifyContent": "center",
          "marginTop": 50,
        }
      }
    >
      <Text
        style={
          Object {
            "color": "#d6d9dc",
            "fontFamily": "EuclidCircularB-Regular",
            "fontSize": 20,
            "fontWeight": "400",
          }
        }
      >
        Donâ€™t see your NFT?
      </Text>
    </View>
  </ScrollView>
  <ActionSheet
    cancelButtonIndex={2}
    destructiveButtonIndex={1}
    onPress={[Function]}
    options={
      Array [
        "Refresh Metadata",
        "Remove",
        "Cancel",
      ]
    }
    title="Collectible Options"
  />
</View>
`;
