// Jest Snapshot v1, https://goo.gl/fbAQLP

exports[`InvalidCustomNetworkAlert should render correctly 1`] = `
<ForwardRef(SafeAreaView)
  testID="invalid-custom-network-alert"
>
  <View
    style={
      Object {
        "backgroundColor": "#141618",
        "borderRadius": 10,
        "padding": 20,
      }
    }
  >
    <View
      style={
        Object {
          "borderBottomWidth": 0.5,
          "borderColor": "#848c96",
        }
      }
    >
      <Text
        bold={false}
        centered={false}
        disclaimer={false}
        error={false}
        info={false}
        link={false}
        modal={false}
        primary={false}
        reset={false}
        right={false}
        small={false}
        strikethrough={false}
        style={
          Object {
            "color": "#ffffff",
            "fontFamily": "EuclidCircularB-Bold",
            "fontSize": 17,
            "fontWeight": "600",
            "marginHorizontal": 20,
            "marginVertical": 12,
            "textAlign": "center",
          }
        }
        success={false}
        textAlternative={false}
        textDefault={false}
        underline={false}
        upper={false}
        warning={false}
      >
        The chain ID for custom network 
 [missing %{network} value] 
 has to be re-entered.
      </Text>
    </View>
    <View
      style={
        Object {
          "marginBottom": 40,
          "marginTop": 20,
        }
      }
    >
      <Text
        bold={false}
        centered={false}
        disclaimer={false}
        error={false}
        info={false}
        link={false}
        modal={false}
        primary={false}
        reset={false}
        right={false}
        small={false}
        strikethrough={false}
        style={
          Object {
            "fontFamily": "EuclidCircularB-Regular",
            "fontSize": 15,
            "fontWeight": "400",
            "lineHeight": 20,
            "marginBottom": 20,
            "textAlign": "center",
          }
        }
        success={false}
        textAlternative={false}
        textDefault={false}
        underline={false}
        upper={false}
        warning={false}
      >
        <Text
          bold={false}
          centered={false}
          disclaimer={false}
          error={false}
          info={false}
          link={false}
          modal={false}
          primary={false}
          reset={false}
          right={false}
          small={false}
          strikethrough={false}
          success={false}
          textAlternative={false}
          textDefault={false}
          underline={false}
          upper={false}
          warning={false}
        >
          To protect you from malicious or faulty network providers, chain IDs are now required for all custom networks.
        </Text>
      </Text>
      <Text
        bold={false}
        centered={false}
        disclaimer={false}
        error={false}
        info={false}
        link={false}
        modal={false}
        primary={false}
        reset={false}
        right={false}
        small={false}
        strikethrough={false}
        style={
          Object {
            "fontFamily": "EuclidCircularB-Regular",
            "fontSize": 15,
            "fontWeight": "400",
            "lineHeight": 20,
            "textAlign": "center",
          }
        }
        success={false}
        textAlternative={false}
        textDefault={false}
        underline={false}
        upper={false}
        warning={false}
      >
        You can find the chain IDs of most popular networks on 
        <Text
          bold={false}
          centered={false}
          disclaimer={false}
          error={false}
          info={false}
          link={false}
          modal={false}
          onPress={[Function]}
          primary={false}
          reset={false}
          right={false}
          small={false}
          strikethrough={false}
          style={
            Object {
              "color": "#037dd6",
            }
          }
          success={false}
          textAlternative={false}
          textDefault={false}
          underline={false}
          upper={false}
          warning={false}
        >
          chainId.network
        </Text>
        .
      </Text>
    </View>
    <View
      style={
        Object {
          "marginBottom": 10,
        }
      }
    >
      <StyledButton
        disabledContainerStyle={
          Object {
            "opacity": 0.6,
          }
        }
        onPress={[Function]}
        styleDisabled={
          Object {
            "opacity": 0.6,
          }
        }
        type="confirm"
      >
        Edit network
      </StyledButton>
    </View>
    <View
      style={
        Object {
          "marginBottom": 10,
        }
      }
    >
      <StyledButton
        disabledContainerStyle={
          Object {
            "opacity": 0.6,
          }
        }
        onPress={[Function]}
        styleDisabled={
          Object {
            "opacity": 0.6,
          }
        }
        type="cancel"
      >
        Cancel
      </StyledButton>
    </View>
  </View>
</ForwardRef(SafeAreaView)>
`;
