// Jest Snapshot v1, https://goo.gl/fbAQLP

exports[`TransactionElement should render correctly 1`] = `
<TransactionElement
  collectibleContracts={Array []}
  contractExchangeRates={null}
  conversionRate={0.1}
  currentCurrency="usd"
  dispatch={[Function]}
  identities={
    Object {
      "0xbar": Object {
        "address": "0x0",
        "importTime": 123,
        "name": "Account 1",
      },
    }
  }
  primaryCurrency="ETH"
  selectedAddress="0x1"
  swapsTokens={Array []}
  swapsTransactions={Object {}}
  ticker="ETH"
  tokens={Object {}}
  tx={
    Object {
      "status": "CONFIRMED",
      "transaction": Object {
        "from": "0x1",
        "nonce": 1,
        "to": "0x0",
      },
    }
  }
/>
`;
