// Jest Snapshot v1, https://goo.gl/fbAQLP

exports[`PickComponent should render correctly 1`] = `
<View
  style={
    Object {
      "flex": 1,
      "flexDirection": "row",
    }
  }
>
  <View
    style={
      Object {
        "flex": 1,
      }
    }
  >
    <TouchableOpacity
      onPress={[Function]}
      style={
        Object {
          "flex": 1,
          "flexDirection": "row",
        }
      }
    >
      <View
        style={
          Object {
            "backgroundColor": "#141618",
            "borderColor": "#848c96",
            "borderRadius": 6,
            "borderWidth": 2,
            "height": 12,
            "margin": 2,
            "marginRight": 6,
            "opacity": 1,
            "width": 12,
          }
        }
      />
      <Text
        bold={false}
        centered={false}
        disclaimer={false}
        error={false}
        info={false}
        link={false}
        modal={false}
        primary={false}
        reset={false}
        right={false}
        small={false}
        strikethrough={false}
        style={
          Object {
            "fontFamily": "EuclidCircularB-Regular",
            "fontWeight": "400",
          }
        }
        success={false}
        textAlternative={false}
        textDefault={false}
        underline={false}
        upper={false}
        warning={false}
      >
        Text First
      </Text>
    </TouchableOpacity>
  </View>
  <View
    style={
      Object {
        "flex": 1,
      }
    }
  >
    <TouchableOpacity
      onPress={[Function]}
      style={
        Object {
          "flex": 1,
          "flexDirection": "row",
        }
      }
    >
      <View
        style={
          Object {
            "backgroundColor": "#037dd6",
            "borderRadius": 6,
            "height": 12,
            "margin": 2,
            "marginRight": 6,
            "opacity": 1,
            "width": 12,
          }
        }
      />
      <Text
        bold={false}
        centered={false}
        disclaimer={false}
        error={false}
        info={false}
        link={false}
        modal={false}
        primary={false}
        reset={false}
        right={false}
        small={false}
        strikethrough={false}
        style={
          Object {
            "fontFamily": "EuclidCircularB-Regular",
            "fontWeight": "400",
          }
        }
        success={false}
        textAlternative={false}
        textDefault={false}
        underline={false}
        upper={false}
        warning={false}
      >
        Text Second
      </Text>
    </TouchableOpacity>
  </View>
</View>
`;
