// Jest Snapshot v1, https://goo.gl/fbAQLP

exports[`AccountBackupStep1B should render correctly 1`] = `
<ForwardRef(SafeAreaView)
  style={
    Object {
      "backgroundColor": "#141618",
      "flex": 1,
    }
  }
>
  <ScrollView
    contentContainerStyle={
      Object {
        "flexGrow": 1,
      }
    }
    style={
      Object {
        "backgroundColor": "#141618",
        "flex": 1,
      }
    }
    testID="account-backup-step-1-screen"
  >
    <View
      style={
        Object {
          "flex": 1,
          "padding": 20,
          "paddingBottom": 0,
          "paddingTop": 0,
        }
      }
      testID="protect-your-account-screen"
    >
      <OnboardingProgress
        currentStep={1}
        steps={
          Array [
            "Create password",
            "Secure wallet",
            "Confirm Secret Recovery Phrase",
          ]
        }
      />
      <View
        style={
          Object {
            "alignItems": "center",
            "paddingBottom": 16,
          }
        }
      >
        <Text
          bold={false}
          centered={false}
          disclaimer={false}
          error={false}
          info={false}
          link={false}
          modal={false}
          primary={false}
          reset={false}
          right={false}
          small={false}
          strikethrough={false}
          style={
            Object {
              "fontSize": 32,
            }
          }
          success={false}
          textAlternative={false}
          textDefault={false}
          underline={false}
          upper={false}
          warning={false}
        >
          ðŸ”’
        </Text>
        <Text
          bold={false}
          centered={false}
          disclaimer={false}
          error={false}
          info={false}
          link={false}
          modal={false}
          primary={false}
          reset={false}
          right={false}
          small={false}
          strikethrough={false}
          style={
            Object {
              "color": "#ffffff",
              "fontFamily": "EuclidCircularB-Bold",
              "fontSize": 24,
              "fontWeight": "600",
              "justifyContent": "center",
              "marginBottom": 16,
              "marginLeft": 0,
              "marginTop": 16,
            }
          }
          success={false}
          textAlternative={false}
          textDefault={false}
          underline={false}
          upper={false}
          warning={false}
        >
          Secure your wallet
        </Text>
        <View
          style={
            Object {
              "justifyContent": "center",
              "marginBottom": 16,
            }
          }
        >
          <Text
            bold={false}
            centered={false}
            disclaimer={false}
            error={false}
            info={false}
            link={false}
            modal={false}
            primary={false}
            reset={false}
            right={false}
            small={false}
            strikethrough={false}
            style={
              Object {
                "color": "#ffffff",
                "fontFamily": "EuclidCircularB-Regular",
                "fontSize": 16,
                "fontWeight": "400",
                "lineHeight": 20,
                "textAlign": "left",
              }
            }
            success={false}
            textAlternative={false}
            textDefault={false}
            underline={false}
            upper={false}
            warning={false}
          >
            Secure your wallet's
             
            <Text
              bold={false}
              centered={false}
              disclaimer={false}
              error={false}
              info={false}
              link={false}
              modal={false}
              onPress={[Function]}
              primary={true}
              reset={false}
              right={false}
              small={false}
              strikethrough={false}
              success={false}
              textAlternative={false}
              textDefault={false}
              underline={false}
              upper={false}
              warning={false}
            >
              Secret Recovery Phrase.
            </Text>
          </Text>
        </View>
        <TouchableOpacity
          onPress={[Function]}
          style={
            Object {
              "alignItems": "center",
              "flexDirection": "row",
              "justifyContent": "center",
            }
          }
        >
          <Icon
            allowFontScaling={false}
            color="#037dd6"
            name="info-circle"
            size={12}
            style={
              Object {
                "fontSize": 15,
                "marginRight": 6,
              }
            }
          />
          <Text
            bold={false}
            centered={false}
            disclaimer={false}
            error={false}
            info={false}
            link={false}
            modal={false}
            primary={false}
            reset={false}
            right={false}
            small={false}
            strikethrough={false}
            style={
              Object {
                "color": "#037dd6",
                "fontSize": 14,
              }
            }
            success={false}
            textAlternative={false}
            textDefault={false}
            underline={false}
            upper={false}
            warning={false}
          >
            Why is it important?
          </Text>
        </TouchableOpacity>
      </View>
      <View
        style={
          Object {
            "backgroundColor": "#141618",
            "borderColor": "#848c96",
            "borderRadius": 10,
            "borderWidth": 1,
            "elevation": 4,
            "marginBottom": 20,
            "padding": 16,
            "shadowColor": undefined,
            "shadowOffset": Object {
              "height": 4,
              "width": 1,
            },
            "shadowOpacity": 0.1,
            "shadowRadius": 2.62,
          }
        }
      >
        <Text
          bold={false}
          centered={false}
          disclaimer={false}
          error={false}
          info={false}
          link={false}
          modal={false}
          primary={false}
          reset={false}
          right={false}
          small={false}
          strikethrough={false}
          style={
            Object {
              "color": "#ffffff",
              "fontFamily": "EuclidCircularB-Bold",
              "fontSize": 16,
              "fontWeight": "600",
              "lineHeight": 17,
              "marginBottom": 8,
            }
          }
          success={false}
          textAlternative={false}
          textDefault={false}
          underline={false}
          upper={false}
          warning={false}
        >
          Manual
        </Text>
        <Text
          bold={false}
          centered={false}
          disclaimer={false}
          error={false}
          info={false}
          link={false}
          modal={false}
          primary={false}
          reset={false}
          right={false}
          small={false}
          strikethrough={false}
          style={
            Object {
              "color": "#ffffff",
              "fontSize": 12,
              "lineHeight": 17,
              "marginBottom": 20,
            }
          }
          success={false}
          textAlternative={false}
          textDefault={false}
          underline={false}
          upper={false}
          warning={false}
        >
          Write down your Secret Recovery Phrase on a piece of paper and store in a safe place.
        </Text>
        <Text
          bold={false}
          centered={false}
          disclaimer={false}
          error={false}
          info={false}
          link={false}
          modal={false}
          primary={false}
          reset={false}
          right={false}
          small={false}
          strikethrough={false}
          style={
            Object {
              "color": "#ffffff",
              "fontSize": 12,
              "lineHeight": 17,
              "marginBottom": 8,
            }
          }
          success={false}
          textAlternative={false}
          textDefault={false}
          underline={false}
          upper={false}
          warning={false}
        >
          Security level: Very strong
        </Text>
        <View
          style={
            Object {
              "flexDirection": "row",
              "lineHeight": 17,
              "marginBottom": 20,
            }
          }
        >
          <View
            style={
              Object {
                "backgroundColor": "#037dd6",
                "height": 6,
                "lineHeight": 17,
                "marginRight": 2,
                "width": 32,
              }
            }
          />
          <View
            style={
              Object {
                "backgroundColor": "#037dd6",
                "height": 6,
                "lineHeight": 17,
                "marginRight": 2,
                "width": 32,
              }
            }
          />
          <View
            style={
              Object {
                "backgroundColor": "#037dd6",
                "height": 6,
                "lineHeight": 17,
                "marginRight": 2,
                "width": 32,
              }
            }
          />
        </View>
        <Text
          bold={false}
          centered={false}
          disclaimer={false}
          error={false}
          info={false}
          link={false}
          modal={false}
          primary={false}
          reset={false}
          right={false}
          small={false}
          strikethrough={false}
          style={
            Object {
              "color": "#ffffff",
              "fontSize": 12,
              "lineHeight": 17,
            }
          }
          success={false}
          textAlternative={false}
          textDefault={false}
          underline={false}
          upper={false}
          warning={false}
        >
          Risks are:
        </Text>
        <Text
          bold={false}
          centered={false}
          disclaimer={false}
          error={false}
          info={false}
          link={false}
          modal={false}
          primary={false}
          reset={false}
          right={false}
          small={false}
          strikethrough={false}
          style={
            Object {
              "color": "#ffffff",
              "fontSize": 12,
              "lineHeight": 17,
            }
          }
          success={false}
          textAlternative={false}
          textDefault={false}
          underline={false}
          upper={false}
          warning={false}
        >
          â€¢ 
          You lose it
        </Text>
        <Text
          bold={false}
          centered={false}
          disclaimer={false}
          error={false}
          info={false}
          link={false}
          modal={false}
          primary={false}
          reset={false}
          right={false}
          small={false}
          strikethrough={false}
          style={
            Object {
              "color": "#ffffff",
              "fontSize": 12,
              "lineHeight": 17,
            }
          }
          success={false}
          textAlternative={false}
          textDefault={false}
          underline={false}
          upper={false}
          warning={false}
        >
          â€¢ 
          You forget where you put it
        </Text>
        <Text
          bold={false}
          centered={false}
          disclaimer={false}
          error={false}
          info={false}
          link={false}
          modal={false}
          primary={false}
          reset={false}
          right={false}
          small={false}
          strikethrough={false}
          style={
            Object {
              "color": "#ffffff",
              "fontSize": 12,
              "lineHeight": 17,
              "marginBottom": 20,
            }
          }
          success={false}
          textAlternative={false}
          textDefault={false}
          underline={false}
          upper={false}
          warning={false}
        >
          â€¢ 
          Someone else finds it
        </Text>
        <Text
          bold={false}
          centered={false}
          disclaimer={false}
          error={false}
          info={false}
          link={false}
          modal={false}
          primary={false}
          reset={false}
          right={false}
          small={false}
          strikethrough={false}
          style={
            Object {
              "color": "#ffffff",
              "fontSize": 12,
              "lineHeight": 17,
              "marginBottom": 20,
            }
          }
          success={false}
          textAlternative={false}
          textDefault={false}
          underline={false}
          upper={false}
          warning={false}
        >
          Other options: Doesnâ€™t have to be paper!
        </Text>
        <Text
          bold={false}
          centered={false}
          disclaimer={false}
          error={false}
          info={false}
          link={false}
          modal={false}
          primary={false}
          reset={false}
          right={false}
          small={false}
          strikethrough={false}
          style={
            Object {
              "color": "#ffffff",
              "fontSize": 12,
              "lineHeight": 17,
            }
          }
          success={false}
          textAlternative={false}
          textDefault={false}
          underline={false}
          upper={false}
          warning={false}
        >
          Tips:
        </Text>
        <Text
          bold={false}
          centered={false}
          disclaimer={false}
          error={false}
          info={false}
          link={false}
          modal={false}
          primary={false}
          reset={false}
          right={false}
          small={false}
          strikethrough={false}
          style={
            Object {
              "color": "#ffffff",
              "fontSize": 12,
              "lineHeight": 17,
            }
          }
          success={false}
          textAlternative={false}
          textDefault={false}
          underline={false}
          upper={false}
          warning={false}
        >
          â€¢ 
          Store in bank vault
        </Text>
        <Text
          bold={false}
          centered={false}
          disclaimer={false}
          error={false}
          info={false}
          link={false}
          modal={false}
          primary={false}
          reset={false}
          right={false}
          small={false}
          strikethrough={false}
          style={
            Object {
              "color": "#ffffff",
              "fontSize": 12,
              "lineHeight": 17,
            }
          }
          success={false}
          textAlternative={false}
          textDefault={false}
          underline={false}
          upper={false}
          warning={false}
        >
          â€¢ 
          Store in a safe
        </Text>
        <Text
          bold={false}
          centered={false}
          disclaimer={false}
          error={false}
          info={false}
          link={false}
          modal={false}
          primary={false}
          reset={false}
          right={false}
          small={false}
          strikethrough={false}
          style={
            Object {
              "color": "#ffffff",
              "fontSize": 12,
              "lineHeight": 17,
              "marginBottom": 20,
            }
          }
          success={false}
          textAlternative={false}
          textDefault={false}
          underline={false}
          upper={false}
          warning={false}
        >
          â€¢ 
          Store in multiple secret places
        </Text>
        <StyledButton
          disabledContainerStyle={
            Object {
              "opacity": 0.6,
            }
          }
          onPress={[Function]}
          styleDisabled={
            Object {
              "opacity": 0.6,
            }
          }
          testID="submit-button"
          type="confirm"
        >
          Start
        </StyledButton>
      </View>
    </View>
  </ScrollView>
  <ActionModal
    actionContainerStyle={
      Object {
        "borderTopWidth": 0,
      }
    }
    cancelButtonDisabled={false}
    cancelButtonMode="neutral"
    cancelTestID=""
    cancelText="Cancel"
    confirmButtonMode="warning"
    confirmDisabled={false}
    confirmTestID=""
    confirmText="Confirm"
    displayCancelButton={false}
    displayConfirmButton={false}
    modalVisible={false}
    onRequestClose={[Function]}
  >
    <View
      style={
        Object {
          "flex": 1,
          "flexDirection": "column",
          "padding": 27,
        }
      }
    >
      <View
        style={
          Object {
            "alignItems": "center",
            "flexDirection": "row",
            "justifyContent": "center",
            "marginBottom": 16,
          }
        }
      >
        <View
          style={
            Object {
              "width": 26,
            }
          }
        />
        <Text
          bold={false}
          centered={false}
          disclaimer={false}
          error={false}
          info={false}
          link={false}
          modal={false}
          primary={false}
          reset={false}
          right={false}
          small={false}
          strikethrough={false}
          style={
            Object {
              "color": "#ffffff",
              "flex": 1,
              "fontFamily": "EuclidCircularB-Bold",
              "fontSize": 18,
              "fontWeight": "600",
              "textAlign": "center",
            }
          }
          success={false}
          textAlternative={false}
          textDefault={false}
          underline={false}
          upper={false}
          warning={false}
        >
          Protect your wallet
        </Text>
        <TouchableOpacity
          hitSlop={
            Object {
              "bottom": 10,
              "left": 10,
              "right": 10,
              "top": 10,
            }
          }
          onPress={[Function]}
          style={
            Object {
              "alignItems": "flex-end",
              "padding": 5,
            }
          }
        >
          <Icon
            allowFontScaling={false}
            name="times"
            size={12}
            style={
              Object {
                "fontSize": 16,
              }
            }
          />
        </TouchableOpacity>
      </View>
      <View
        style={
          Object {
            "alignItems": "center",
            "flexDirection": "column",
          }
        }
      >
        <Image
          resizeMethod="auto"
          source={
            Object {
              "testUri": "../../../app/images/explain-backup-seedphrase.png",
            }
          }
          style={
            Object {
              "height": 766.8115942028985,
              "marginBottom": 8,
              "marginTop": 14,
              "width": 650,
            }
          }
          testID="carousel-one-image"
        />
        <Text
          bold={false}
          centered={false}
          disclaimer={false}
          error={false}
          info={false}
          link={false}
          modal={false}
          primary={false}
          reset={false}
          right={false}
          small={false}
          strikethrough={false}
          style={
            Object {
              "color": "#ffffff",
              "lineHeight": 20,
              "textAlign": "center",
            }
          }
          success={false}
          textAlternative={false}
          textDefault={false}
          underline={false}
          upper={false}
          warning={false}
        >
          Donâ€™t risk losing your funds. Protect your wallet by saving your Secret Recovery Phrase in a place you trust.
          <Text
            bold={false}
            centered={false}
            disclaimer={false}
            error={false}
            info={false}
            link={false}
            modal={false}
            primary={false}
            reset={false}
            right={false}
            small={false}
            strikethrough={false}
            style={
              Object {
                "fontFamily": "EuclidCircularB-Bold",
                "fontWeight": "600",
                "lineHeight": 25,
              }
            }
            success={false}
            textAlternative={false}
            textDefault={false}
            underline={false}
            upper={false}
            warning={false}
          >
             Itâ€™s the only way to recover your wallet if you get locked out of the app or get a new device.
          </Text>
        </Text>
        <TouchableOpacity
          hitSlop={
            Object {
              "bottom": 10,
              "left": 10,
              "right": 10,
              "top": 10,
            }
          }
          onPress={[Function]}
        >
          <Text
            bold={false}
            centered={false}
            disclaimer={false}
            error={false}
            info={false}
            link={false}
            modal={false}
            primary={false}
            reset={false}
            right={false}
            small={false}
            strikethrough={false}
            style={
              Object {
                "color": "#037dd6",
                "fontFamily": "EuclidCircularB-Regular",
                "fontSize": 15,
                "fontWeight": "400",
                "lineHeight": 20,
                "marginTop": 21,
                "textAlign": "center",
              }
            }
            success={false}
            textAlternative={false}
            textDefault={false}
            underline={false}
            upper={false}
            warning={false}
          >
            Learn More
          </Text>
        </TouchableOpacity>
      </View>
    </View>
  </ActionModal>
  <SeedphraseModal
    hideWhatIsSeedphrase={[Function]}
    showWhatIsSeedphraseModal={false}
  />
</ForwardRef(SafeAreaView)>
`;
