// Jest Snapshot v1, https://goo.gl/fbAQLP

exports[`AddCustomToken should render correctly 1`] = `
<View
  style={
    Object {
      "backgroundColor": "#141618",
      "flex": 1,
    }
  }
  testID="add-custom-token-screen"
>
  <ActionView
    cancelTestID="add-custom-asset-cancel-button"
    cancelText="CANCEL"
    confirmButtonMode="normal"
    confirmDisabled={true}
    confirmTestID="add-custom-asset-confirm-button"
    confirmText="IMPORT"
    confirmed={false}
    onCancelPress={[Function]}
    onConfirmPress={[Function]}
    showCancelButton={true}
    showConfirmButton={true}
    testID="add-asset-cancel-button"
  >
    <View>
      <WarningMessage
        style={
          Object {
            "color": undefined,
            "marginHorizontal": 20,
            "marginTop": 20,
            "paddingRight": 0,
          }
        }
        warningMessage={
          <React.Fragment>
            Anyone can create a token, including creating fake versions of existing tokens. Learn more about 
            <Text
              bold={false}
              centered={false}
              disclaimer={false}
              error={false}
              info={false}
              link={false}
              modal={false}
              onPress={[Function]}
              primary={false}
              reset={false}
              right={false}
              small={false}
              strikethrough={false}
              style={
                Object {
                  "color": "#037dd6",
                }
              }
              success={false}
              suppressHighlighting={true}
              textAlternative={false}
              textDefault={false}
              underline={false}
              upper={false}
              warning={false}
            >
              scams and security risks.
            </Text>
          </React.Fragment>
        }
      />
      <View
        style={
          Object {
            "padding": 20,
          }
        }
      >
        <Text
          bold={false}
          centered={false}
          disclaimer={false}
          error={false}
          info={false}
          link={false}
          modal={false}
          primary={false}
          reset={false}
          right={false}
          small={false}
          strikethrough={false}
          style={
            Object {
              "fontFamily": "EuclidCircularB-Regular",
              "fontWeight": "400",
            }
          }
          success={false}
          textAlternative={false}
          textDefault={false}
          underline={false}
          upper={false}
          warning={false}
        >
          Token Address
        </Text>
        <TextInput
          onBlur={[Function]}
          onChangeText={[Function]}
          onSubmitEditing={[Function]}
          placeholder="0x..."
          placeholderTextColor="#3c3f42"
          returnKeyType="next"
          style={
            Object {
              "borderColor": "#848c96",
              "borderRadius": 4,
              "borderWidth": 1,
              "fontFamily": "EuclidCircularB-Regular",
              "fontWeight": "400",
              "padding": 16,
            }
          }
          testID="input-token-address"
          value=""
        />
        <Text
          bold={false}
          centered={false}
          disclaimer={false}
          error={false}
          info={false}
          link={false}
          modal={false}
          primary={false}
          reset={false}
          right={false}
          small={false}
          strikethrough={false}
          style={
            Object {
              "color": "#d73a49",
              "fontFamily": "EuclidCircularB-Regular",
              "fontWeight": "400",
              "marginTop": 15,
            }
          }
          success={false}
          testID="token-address-warning"
          textAlternative={false}
          textDefault={false}
          underline={false}
          upper={false}
          warning={false}
        />
      </View>
      <View
        style={
          Object {
            "padding": 20,
          }
        }
      >
        <Text
          bold={false}
          centered={false}
          disclaimer={false}
          error={false}
          info={false}
          link={false}
          modal={false}
          primary={false}
          reset={false}
          right={false}
          small={false}
          strikethrough={false}
          style={
            Object {
              "fontFamily": "EuclidCircularB-Regular",
              "fontWeight": "400",
            }
          }
          success={false}
          textAlternative={false}
          textDefault={false}
          underline={false}
          upper={false}
          warning={false}
        >
          Token Symbol
        </Text>
        <TextInput
          onBlur={[Function]}
          onChangeText={[Function]}
          onSubmitEditing={[Function]}
          placeholder="GNO"
          placeholderTextColor="#3c3f42"
          returnKeyType="next"
          style={
            Object {
              "borderColor": "#848c96",
              "borderRadius": 4,
              "borderWidth": 1,
              "fontFamily": "EuclidCircularB-Regular",
              "fontWeight": "400",
              "padding": 16,
            }
          }
          testID="input-token-symbol"
          value=""
        />
        <Text
          bold={false}
          centered={false}
          disclaimer={false}
          error={false}
          info={false}
          link={false}
          modal={false}
          primary={false}
          reset={false}
          right={false}
          small={false}
          strikethrough={false}
          style={
            Object {
              "color": "#d73a49",
              "fontFamily": "EuclidCircularB-Regular",
              "fontWeight": "400",
              "marginTop": 15,
            }
          }
          success={false}
          textAlternative={false}
          textDefault={false}
          underline={false}
          upper={false}
          warning={false}
        />
      </View>
      <View
        style={
          Object {
            "padding": 20,
          }
        }
      >
        <Text
          bold={false}
          centered={false}
          disclaimer={false}
          error={false}
          info={false}
          link={false}
          modal={false}
          primary={false}
          reset={false}
          right={false}
          small={false}
          strikethrough={false}
          style={
            Object {
              "fontFamily": "EuclidCircularB-Regular",
              "fontWeight": "400",
            }
          }
          success={false}
          textAlternative={false}
          textDefault={false}
          underline={false}
          upper={false}
          warning={false}
        >
          Token of Precision
        </Text>
        <TextInput
          keyboardType="numeric"
          maxLength={2}
          onBlur={[Function]}
          onChangeText={[Function]}
          onSubmitEditing={[Function]}
          placeholder="18"
          placeholderTextColor="#3c3f42"
          returnKeyType="done"
          style={
            Object {
              "borderColor": "#848c96",
              "borderRadius": 4,
              "borderWidth": 1,
              "fontFamily": "EuclidCircularB-Regular",
              "fontWeight": "400",
              "padding": 16,
            }
          }
          testID="input-token-decimals"
          value=""
        />
        <Text
          bold={false}
          centered={false}
          disclaimer={false}
          error={false}
          info={false}
          link={false}
          modal={false}
          primary={false}
          reset={false}
          right={false}
          small={false}
          strikethrough={false}
          style={
            Object {
              "color": "#d73a49",
              "fontFamily": "EuclidCircularB-Regular",
              "fontWeight": "400",
              "marginTop": 15,
            }
          }
          success={false}
          testID="token-decimals-warning"
          textAlternative={false}
          textDefault={false}
          underline={false}
          upper={false}
          warning={false}
        />
      </View>
    </View>
  </ActionView>
</View>
`;
