// Jest Snapshot v1, https://goo.gl/fbAQLP

exports[`HintModal should render correctly 1`] = `
<ActionModal
  cancelButtonDisabled={false}
  cancelButtonMode="neutral"
  cancelTestID=""
  cancelText="Cancel"
  confirmButtonMode="confirm"
  confirmDisabled={false}
  confirmTestID=""
  confirmText="Save"
  displayCancelButton={true}
  displayConfirmButton={true}
  modalVisible={false}
  onCancelPress={[Function]}
  onConfirmPress={[Function]}
  onRequestClose={[Function]}
>
  <TouchableWithoutFeedback
    accessible={false}
    onPress={[Function]}
  >
    <View
      style={
        Object {
          "alignSelf": "center",
          "backgroundColor": "#141618",
          "borderRadius": 16,
          "padding": 24,
        }
      }
    >
      <View
        style={
          Object {
            "alignItems": "center",
            "flexDirection": "row",
            "justifyContent": "space-between",
            "marginBottom": 16,
          }
        }
      >
        <Text
          bold={false}
          centered={false}
          disclaimer={false}
          error={false}
          info={false}
          link={false}
          modal={false}
          primary={false}
          reset={false}
          right={false}
          small={false}
          strikethrough={false}
          style={
            Object {
              "color": "#ffffff",
              "fontFamily": "EuclidCircularB-Bold",
              "fontSize": 18,
              "fontWeight": "600",
            }
          }
          success={false}
          textAlternative={false}
          textDefault={false}
          underline={false}
          upper={false}
          warning={false}
        >
          Recovery hint
        </Text>
        <TouchableOpacity
          onPress={[Function]}
        >
          <Icon
            allowFontScaling={false}
            name="x"
            size={16}
          />
        </TouchableOpacity>
      </View>
      <Text
        bold={false}
        centered={false}
        disclaimer={false}
        error={false}
        info={false}
        link={false}
        modal={false}
        primary={false}
        reset={false}
        right={false}
        small={false}
        strikethrough={false}
        style={
          Object {
            "color": "#ffffff",
            "fontSize": 14,
            "marginBottom": 16,
          }
        }
        success={false}
        textAlternative={false}
        textDefault={false}
        underline={false}
        upper={false}
        warning={false}
      >
        Leave yourself a hint. Write the location / where you saved it to remind yourself how you can access it. This information does not leave your device.
      </Text>
      <Text
        bold={false}
        centered={false}
        disclaimer={false}
        error={false}
        info={false}
        link={false}
        modal={false}
        primary={false}
        reset={false}
        right={false}
        small={false}
        strikethrough={false}
        style={
          Object {
            "color": "#d73a49",
            "fontSize": 14,
            "marginBottom": 16,
          }
        }
        success={false}
        textAlternative={false}
        textDefault={false}
        underline={false}
        upper={false}
        warning={false}
      >
        Do not use this to write your Secret Recovery Phrase.
      </Text>
      <TextInput
        multiline={true}
        onChangeText={[Function]}
        placeholder="e.g. Mom's house"
        style={
          Object {
            "borderColor": "#848c96",
            "borderRadius": 6,
            "borderWidth": 1,
            "minHeight": 76,
            "padding": 16,
            "paddingTop": 16,
          }
        }
        textAlignVertical="top"
        value="hint"
      />
    </View>
  </TouchableWithoutFeedback>
</ActionModal>
`;
