// Jest Snapshot v1, https://goo.gl/fbAQLP

exports[`TimeEstimateInfoModal should render correctly 1`] = `
<InfoModal
  body={
    <View>
      <Text
        blue={false}
        bold={false}
        centered={false}
        disclaimer={false}
        error={false}
        link={false}
        modal={false}
        primary={false}
        red={false}
        reset={false}
        right={false}
        small={false}
        strikethrough={false}
        success={false}
        textAlternative={false}
        textDefault={false}
        underline={false}
        upper={false}
      />
    </View>
  }
  title={null}
/>
`;
