// Jest Snapshot v1, https://goo.gl/fbAQLP

exports[`AddCustomNetwork should render correctly 1`] = `
<View
  style={
    Object {
      "backgroundColor": "#ffffff",
      "borderTopLeftRadius": 20,
      "borderTopRightRadius": 20,
      "minHeight": 200,
      "paddingBottom": 20,
      "paddingTop": 24,
    }
  }
>
  <ScrollView>
    <Connect(TransactionHeader) />
    <Text
      blue={false}
      bold={true}
      centered={true}
      disclaimer={false}
      error={false}
      info={false}
      link={false}
      modal={false}
      noMargin={true}
      primary={true}
      reset={false}
      right={false}
      small={false}
      strikethrough={false}
      style={
        Object {
          "fontSize": 24,
          "marginBottom": 16,
          "marginLeft": 24,
          "marginRight": 24,
          "marginTop": 16,
        }
      }
      success={false}
      textAlternative={false}
      textDefault={false}
      underline={false}
      upper={false}
      warning={false}
    >
      Allow this site to add a network?
    </Text>
    <Text
      blue={false}
      bold={false}
      centered={true}
      disclaimer={false}
      error={false}
      info={false}
      link={false}
      modal={false}
      noMargin={true}
      primary={true}
      reset={false}
      right={false}
      small={false}
      strikethrough={false}
      style={
        Object {
          "fontSize": 13,
          "paddingBottom": 12,
          "paddingHorizontal": 24,
          "width": "100%",
        }
      }
      success={false}
      textAlternative={false}
      textDefault={false}
      underline={false}
      upper={false}
      warning={false}
    >
      This allows this network to be used within MetaMask.
    </Text>
    <Text
      blue={false}
      bold={false}
      centered={true}
      disclaimer={false}
      error={false}
      info={false}
      link={false}
      modal={false}
      noMargin={true}
      primary={true}
      reset={false}
      right={false}
      small={false}
      strikethrough={false}
      style={
        Object {
          "fontSize": 13,
          "lineHeight": 20,
          "paddingHorizontal": 24,
          "width": "100%",
        }
      }
      success={false}
      textAlternative={false}
      textDefault={false}
      underline={false}
      upper={false}
      warning={false}
    >
      <Text
        blue={false}
        bold={true}
        centered={false}
        disclaimer={false}
        error={false}
        info={false}
        link={false}
        modal={false}
        noMargin={true}
        primary={true}
        reset={false}
        right={false}
        small={false}
        strikethrough={false}
        success={false}
        textAlternative={false}
        textDefault={false}
        underline={false}
        upper={false}
        warning={false}
      >
        MetaMask does not verify custom networks or their security.
      </Text>
       
      Learn about
      <Text
        blue={false}
        bold={false}
        centered={false}
        disclaimer={false}
        error={false}
        info={false}
        link={true}
        modal={false}
        noMargin={true}
        onPress={[Function]}
        primary={true}
        reset={false}
        right={false}
        small={false}
        strikethrough={false}
        success={false}
        textAlternative={false}
        textDefault={false}
        underline={false}
        upper={false}
        warning={false}
      >
         
        scams and network security risks
      </Text>
      .
    </Text>
    <View
      style={
        Object {
          "borderColor": "#d6d9dc",
          "borderRadius": 10,
          "borderWidth": 1,
          "margin": 24,
          "padding": 16,
        }
      }
    >
      <View
        style={
          Object {
            "flexDirection": "row",
            "paddingBottom": 7,
          }
        }
      >
        <Text
          blue={false}
          bold={false}
          centered={false}
          disclaimer={false}
          error={false}
          info={false}
          link={false}
          modal={false}
          noMargin={true}
          primary={true}
          reset={false}
          right={false}
          small={true}
          strikethrough={false}
          style={
            Object {
              "paddingRight": 10,
            }
          }
          success={false}
          textAlternative={false}
          textDefault={false}
          underline={false}
          upper={false}
          warning={false}
        >
          Display name
        </Text>
        <Text
          blue={false}
          bold={true}
          centered={false}
          disclaimer={false}
          error={false}
          info={false}
          link={false}
          modal={false}
          noMargin={true}
          primary={true}
          reset={false}
          right={true}
          small={false}
          strikethrough={false}
          style={
            Object {
              "flex": 1,
              "fontSize": 13,
            }
          }
          success={false}
          textAlternative={false}
          textDefault={false}
          underline={false}
          upper={false}
          warning={false}
        />
      </View>
      <View
        style={
          Object {
            "flexDirection": "row",
            "paddingBottom": 7,
          }
        }
      >
        <Text
          blue={false}
          bold={false}
          centered={false}
          disclaimer={false}
          error={false}
          info={false}
          link={false}
          modal={false}
          noMargin={true}
          primary={true}
          reset={false}
          right={false}
          small={true}
          strikethrough={false}
          style={
            Object {
              "paddingRight": 10,
            }
          }
          success={false}
          textAlternative={false}
          textDefault={false}
          underline={false}
          upper={false}
          warning={false}
        >
          Chain ID
        </Text>
        <Text
          blue={false}
          bold={true}
          centered={false}
          disclaimer={false}
          error={false}
          info={false}
          link={false}
          modal={false}
          noMargin={true}
          primary={true}
          reset={false}
          right={true}
          small={false}
          strikethrough={false}
          style={
            Object {
              "flex": 1,
              "fontSize": 13,
            }
          }
          success={false}
          textAlternative={false}
          textDefault={false}
          underline={false}
          upper={false}
          warning={false}
        />
      </View>
      <View
        style={
          Object {
            "flexDirection": "row",
          }
        }
      >
        <Text
          blue={false}
          bold={false}
          centered={false}
          disclaimer={false}
          error={false}
          info={false}
          link={false}
          modal={false}
          noMargin={true}
          primary={true}
          reset={false}
          right={false}
          small={true}
          strikethrough={false}
          style={
            Object {
              "paddingRight": 10,
            }
          }
          success={false}
          textAlternative={false}
          textDefault={false}
          underline={false}
          upper={false}
          warning={false}
        >
          Network URL
        </Text>
        <Text
          blue={false}
          bold={true}
          centered={false}
          disclaimer={false}
          error={false}
          info={false}
          link={false}
          modal={false}
          noMargin={true}
          primary={true}
          reset={false}
          right={true}
          small={false}
          strikethrough={false}
          style={
            Object {
              "flex": 1,
              "fontSize": 13,
            }
          }
          success={false}
          textAlternative={false}
          textDefault={false}
          underline={false}
          upper={false}
          warning={false}
        />
      </View>
    </View>
    <TouchableOpacity
      onPress={[Function]}
      style={
        Object {
          "alignItems": "center",
          "flexDirection": "column",
        }
      }
    >
      <View>
        <Text
          blue={false}
          bold={true}
          centered={true}
          disclaimer={false}
          error={false}
          info={false}
          link={true}
          modal={false}
          noMargin={true}
          primary={false}
          reset={false}
          right={false}
          small={false}
          strikethrough={false}
          style={
            Object {
              "fontSize": 12,
              "lineHeight": 16,
            }
          }
          success={false}
          textAlternative={false}
          textDefault={false}
          underline={false}
          upper={false}
          warning={false}
        >
          View details
        </Text>
      </View>
    </TouchableOpacity>
    <View
      style={
        Object {
          "flex": 0,
          "flexDirection": "row",
          "padding": 24,
        }
      }
    >
      <StyledButton
        containerStyle={
          Array [
            Object {
              "flex": 1,
            },
            Object {
              "marginRight": 8,
            },
          ]
        }
        disabledContainerStyle={
          Object {
            "opacity": 0.6,
          }
        }
        onPress={[Function]}
        styleDisabled={
          Object {
            "opacity": 0.6,
          }
        }
        testID="connect-cancel-button"
        type="cancel"
      >
        Cancel
      </StyledButton>
      <StyledButton
        containerStyle={
          Array [
            Object {
              "flex": 1,
            },
            Object {
              "marginLeft": 8,
            },
          ]
        }
        disabledContainerStyle={
          Object {
            "opacity": 0.6,
          }
        }
        onPress={[Function]}
        styleDisabled={
          Object {
            "opacity": 0.6,
          }
        }
        testID="connect-approve-button"
        type="confirm"
      >
        Approve
      </StyledButton>
    </View>
  </ScrollView>
</View>
`;
