// Jest Snapshot v1, https://goo.gl/fbAQLP

exports[`PersonalSign should render correctly 1`] = `
<Connect(SignatureRequest)
  currentPageInformation={
    Object {
      "title": "title",
      "url": "url",
    }
  }
  onCancel={[Function]}
  onConfirm={[Function]}
  truncateMessage={false}
  type="personalSign"
>
  <View
    style={
      Object {
        "marginBottom": 4,
      }
    }
  >
    <Text
      bold={false}
      centered={false}
      disclaimer={false}
      error={false}
      info={false}
      link={false}
      modal={false}
      onTextLayout={[Function]}
      primary={false}
      reset={false}
      right={false}
      small={false}
      strikethrough={false}
      success={false}
      textAlternative={false}
      textDefault={false}
      underline={false}
      upper={false}
      warning={false}
    >
      <Text
        bold={false}
        centered={false}
        disclaimer={false}
        error={false}
        info={false}
        key="txt_0"
        link={false}
        modal={false}
        primary={false}
        reset={false}
        right={false}
        small={false}
        strikethrough={false}
        style={
          Array [
            Object {
              "color": "#ffffff",
              "fontFamily": "EuclidCircularB-Regular",
              "fontSize": 14,
              "fontWeight": "400",
              "textAlign": "center",
            },
            Object {
              "textAlign": "left",
            },
          ]
        }
        success={false}
        textAlternative={false}
        textDefault={false}
        underline={false}
        upper={false}
        warning={false}
      >
        

      </Text>
    </Text>
  </View>
</Connect(SignatureRequest)>
`;
