// Jest Snapshot v1, https://goo.gl/fbAQLP

exports[`TransferElement should render correctly 1`] = `
<TouchableOpacity
  onPress={[Function]}
  style={
    Object {
      "backgroundColor": "#FFFFFF",
      "borderBottomWidth": 0.5,
      "borderColor": "#d6d9dc",
      "flex": 1,
    }
  }
>
  <View
    style={
      Object {
        "padding": 0,
      }
    }
  />
</TouchableOpacity>
`;
