// Jest Snapshot v1, https://goo.gl/fbAQLP

exports[`CollectibleMedia should render correctly 1`] = `
<View
  style={
    Object {
      "backgroundColor": "#undefined",
      "borderRadius": 12,
      "flex": 0,
    }
  }
>
  <View
    style={
      Array [
        Object {
          "alignItems": "center",
          "backgroundColor": "#d6d9dc",
          "borderRadius": 8,
          "justifyContent": "center",
        },
        undefined,
        undefined,
        undefined,
        undefined,
        undefined,
      ]
    }
  >
    <Text
      blue={false}
      bold={false}
      centered={false}
      disclaimer={false}
      error={false}
      info={false}
      link={false}
      modal={false}
      primary={false}
      reset={false}
      right={false}
      small={false}
      strikethrough={false}
      style={
        Object {
          "textAlign": "center",
        }
      }
      success={false}
      textAlternative={false}
      textDefault={false}
      underline={false}
      upper={false}
      warning={false}
    >
      NAME #123
    </Text>
  </View>
</View>
`;
