// Jest Snapshot v1, https://goo.gl/fbAQLP

exports[`PhishingModal should render correctly 1`] = `
<View
  style={
    Object {
      "justifyContent": "center",
      "paddingHorizontal": 20,
    }
  }
>
  <Image
    resizeMethod="auto"
    source={
      Object {
        "testUri": "../../../app/images/fox.png",
      }
    }
    style={
      Object {
        "alignSelf": "center",
        "height": 48,
        "marginBottom": -15,
        "width": 48,
        "zIndex": 99999,
      }
    }
  />
  <View
    style={
      Object {
        "backgroundColor": "#141618",
        "borderRadius": 4,
        "height": 495,
      }
    }
  >
    <View
      style={
        Object {
          "alignItems": "center",
          "backgroundColor": "#141618",
          "flexDirection": "row",
          "justifyContent": "center",
          "paddingVertical": 20,
        }
      }
    >
      <Icon
        allowFontScaling={false}
        name="warning"
        size={15}
        style={
          Object {
            "color": "#d73a49",
            "marginRight": 10,
          }
        }
      />
      <Text
        bold={false}
        centered={false}
        disclaimer={false}
        error={false}
        info={false}
        link={false}
        modal={false}
        primary={false}
        reset={false}
        right={false}
        small={false}
        strikethrough={false}
        style={
          Object {
            "color": "#d73a49",
            "fontFamily": "EuclidCircularB-Bold",
            "fontWeight": "600",
            "textAlign": "center",
          }
        }
        success={false}
        textAlternative={false}
        textDefault={false}
        underline={false}
        upper={false}
        warning={false}
      >
        Ethereum Phishing Detection
      </Text>
    </View>
    <ScrollView
      contentContainerStyle={
        Object {
          "paddingBottom": 20,
        }
      }
      style={
        Object {
          "backgroundColor": "#24272a",
          "paddingHorizontal": 20,
          "paddingTop": 20,
        }
      }
    >
      <Text
        bold={false}
        centered={false}
        disclaimer={false}
        error={false}
        info={false}
        link={false}
        modal={false}
        primary={false}
        reset={false}
        right={false}
        small={false}
        strikethrough={false}
        style={
          Object {
            "color": "#ffffff",
            "fontFamily": "EuclidCircularB-Regular",
            "fontSize": 11,
            "fontWeight": "400",
            "marginBottom": 15,
          }
        }
        success={false}
        textAlternative={false}
        textDefault={false}
        underline={false}
        upper={false}
        warning={false}
      >
        <Text
          bold={false}
          centered={false}
          disclaimer={false}
          error={false}
          info={false}
          link={false}
          modal={false}
          primary={false}
          reset={false}
          right={false}
          small={false}
          strikethrough={false}
          style={
            Object {
              "fontFamily": "EuclidCircularB-Bold",
              "fontWeight": "600",
            }
          }
          success={false}
          textAlternative={false}
          textDefault={false}
          underline={false}
          upper={false}
          warning={false}
        />
         is currently on the MetaMask domain warning list. This means that based on information available to us, MetaMask believes this domain could currently compromise your security and, as an added safety feature, MetaMask has restricted access to the site. To override this, please read the rest of this warning for instructions on how to continue at your own risk.
      </Text>
      <Text
        bold={false}
        centered={false}
        disclaimer={false}
        error={false}
        info={false}
        link={false}
        modal={false}
        primary={false}
        reset={false}
        right={false}
        small={false}
        strikethrough={false}
        style={
          Object {
            "color": "#ffffff",
            "fontFamily": "EuclidCircularB-Regular",
            "fontSize": 11,
            "fontWeight": "400",
            "marginBottom": 15,
          }
        }
        success={false}
        textAlternative={false}
        textDefault={false}
        underline={false}
        upper={false}
        warning={false}
      >
        There are many reasons sites can appear on our warning list, and our warning list compiles from other widely used industry lists. Such reasons can include known fraud or security risks, such as domains that test positive on the 
        <Text
          bold={false}
          centered={false}
          disclaimer={false}
          error={false}
          info={false}
          link={false}
          modal={false}
          primary={false}
          reset={false}
          right={false}
          small={false}
          strikethrough={false}
          style={
            Object {
              "textDecorationColor": "#ffffff",
              "textDecorationLine": "underline",
            }
          }
          success={false}
          textAlternative={false}
          textDefault={false}
          underline={false}
          upper={false}
          warning={false}
        >
          Ethereum Phishing Detector
        </Text>
        . 
        Domains on these warning lists may include outright malicious websites and legitimate websites that have been compromised by a malicious actor.
      </Text>
      <Text
        bold={false}
        centered={false}
        disclaimer={false}
        error={false}
        info={false}
        link={false}
        modal={false}
        primary={false}
        reset={false}
        right={false}
        small={false}
        strikethrough={false}
        style={
          Object {
            "color": "#ffffff",
            "fontFamily": "EuclidCircularB-Regular",
            "fontSize": 11,
            "fontWeight": "400",
            "marginBottom": 15,
          }
        }
        success={false}
        textAlternative={false}
        textDefault={false}
        underline={false}
        upper={false}
        warning={false}
      >
        To read more about this site 
        <Text
          bold={false}
          centered={false}
          disclaimer={false}
          error={false}
          info={false}
          link={false}
          modal={false}
          primary={false}
          reset={false}
          right={false}
          small={false}
          strikethrough={false}
          style={
            Object {
              "textDecorationColor": "#ffffff",
              "textDecorationLine": "underline",
            }
          }
          success={false}
          textAlternative={false}
          textDefault={false}
          underline={false}
          upper={false}
          warning={false}
        >
          please review the domain on Etherscam.
        </Text>
      </Text>
      <Text
        bold={false}
        centered={false}
        disclaimer={false}
        error={false}
        info={false}
        link={false}
        modal={false}
        primary={false}
        reset={false}
        right={false}
        small={false}
        strikethrough={false}
        style={
          Object {
            "color": "#ffffff",
            "fontFamily": "EuclidCircularB-Regular",
            "fontSize": 11,
            "fontWeight": "400",
            "marginBottom": 15,
          }
        }
        success={false}
        textAlternative={false}
        textDefault={false}
        underline={false}
        upper={false}
        warning={false}
      >
        Note that this warning list is compiled on a voluntary basis. This list may be inaccurate or incomplete. Just because a domain does not appear on this list is not an implicit guarantee of that domain's safety. As always, your transactions are your own responsibility. If you wish to interact with any domain on our warning list, you can do so by 
        <Text
          bold={false}
          centered={false}
          disclaimer={false}
          error={false}
          info={false}
          link={false}
          modal={false}
          primary={false}
          reset={false}
          right={false}
          small={false}
          strikethrough={false}
          style={
            Object {
              "textDecorationColor": "#ffffff",
              "textDecorationLine": "underline",
            }
          }
          success={false}
          textAlternative={false}
          textDefault={false}
          underline={false}
          upper={false}
          warning={false}
        >
          continuing at your own risk.
        </Text>
      </Text>
      <Text
        bold={false}
        centered={false}
        disclaimer={false}
        error={false}
        info={false}
        link={false}
        modal={false}
        primary={false}
        reset={false}
        right={false}
        small={false}
        strikethrough={false}
        style={
          Object {
            "color": "#ffffff",
            "fontFamily": "EuclidCircularB-Regular",
            "fontSize": 11,
            "fontWeight": "400",
            "marginBottom": 15,
          }
        }
        success={false}
        textAlternative={false}
        textDefault={false}
        underline={false}
        upper={false}
        warning={false}
      >
        There are many reasons sites can appear on our warning list, and our warning list compiles from other widely used industry lists. Such reasons can include known fraud or security risks, such as domains that test positive on the 
        <Text
          bold={false}
          centered={false}
          disclaimer={false}
          error={false}
          info={false}
          link={false}
          modal={false}
          primary={false}
          reset={false}
          right={false}
          small={false}
          strikethrough={false}
          style={
            Object {
              "textDecorationColor": "#ffffff",
              "textDecorationLine": "underline",
            }
          }
          success={false}
          textAlternative={false}
          textDefault={false}
          underline={false}
          upper={false}
          warning={false}
        >
          please file an issue.
        </Text>
      </Text>
    </ScrollView>
  </View>
  <View
    style={
      Object {
        "alignItems": "flex-end",
        "marginTop": 10,
      }
    }
  >
    <StyledButton
      containerStyle={
        Object {
          "borderWidth": 0,
          "padding": 10,
        }
      }
      disabledContainerStyle={
        Object {
          "opacity": 0.6,
        }
      }
      style={
        Object {
          "color": "#d73a49",
          "fontSize": 12,
        }
      }
      styleDisabled={
        Object {
          "opacity": 0.6,
        }
      }
      type="neutral"
    >
      Back to safety
    </StyledButton>
  </View>
</View>
`;
