// Jest Snapshot v1, https://goo.gl/fbAQLP

exports[`TransactionReview should render correctly 1`] = `
<Connect(TransactionReview)
  generateTransform={[MockFunction]}
/>
`;
