// Jest Snapshot v1, https://goo.gl/fbAQLP

exports[`TransactionReviewInformation should render correctly 1`] = `
<Connect(TransactionReviewInformation)
  EIP1559GasData={Object {}}
/>
`;
