// Jest Snapshot v1, https://goo.gl/fbAQLP

exports[`AddBookmark should render correctly 1`] = `
<ForwardRef(SafeAreaView)
  style={
    Object {
      "backgroundColor": "#141618",
      "flex": 1,
    }
  }
  testID="add-bookmark-screen"
>
  <ActionView
    cancelTestID="add-bookmark-cancel-button"
    cancelText="Cancel"
    confirmButtonMode="normal"
    confirmTestID="add-bookmark-confirm-button"
    confirmText="Add"
    confirmed={false}
    onCancelPress={[Function]}
    onConfirmPress={[Function]}
    showCancelButton={true}
    showConfirmButton={true}
  >
    <View>
      <View
        style={
          Object {
            "padding": 20,
          }
        }
      >
        <Text
          style={
            Object {
              "fontFamily": "EuclidCircularB-Regular",
              "fontWeight": "400",
            }
          }
        >
          Name
        </Text>
        <TextInput
          onChangeText={[Function]}
          onSubmitEditing={[Function]}
          placeholder=""
          placeholderTextColor="#f2f3f4"
          returnKeyType="next"
          style={
            Object {
              "borderColor": "#848c96",
              "borderRadius": 4,
              "borderWidth": 1,
              "fontFamily": "EuclidCircularB-Regular",
              "fontWeight": "400",
              "padding": 16,
            }
          }
          testID="add-bookmark-title"
          value=""
        />
        <Text
          style={
            Object {
              "color": "#d73a49",
              "fontFamily": "EuclidCircularB-Regular",
              "fontWeight": "400",
            }
          }
        />
      </View>
      <View
        style={
          Object {
            "padding": 20,
          }
        }
      >
        <Text
          style={
            Object {
              "fontFamily": "EuclidCircularB-Regular",
              "fontWeight": "400",
            }
          }
        >
          Url
        </Text>
        <TextInput
          onChangeText={[Function]}
          placeholder=""
          returnKeyType="done"
          style={
            Object {
              "borderColor": "#848c96",
              "borderRadius": 4,
              "borderWidth": 1,
              "fontFamily": "EuclidCircularB-Regular",
              "fontWeight": "400",
              "padding": 16,
            }
          }
          testID="add-bookmark-url"
          value=""
        />
        <Text
          style={
            Object {
              "color": "#d73a49",
              "fontFamily": "EuclidCircularB-Regular",
              "fontWeight": "400",
            }
          }
        />
      </View>
    </View>
  </ActionView>
</ForwardRef(SafeAreaView)>
`;
