// Jest Snapshot v1, https://goo.gl/fbAQLP

exports[`Tabs should render correctly 1`] = `
<View
  style={
    Object {
      "backgroundColor": "#3c3f42",
      "bottom": 0,
      "flex": 1,
      "left": 0,
      "position": "absolute",
      "right": 0,
      "top": 0,
    }
  }
>
  <ScrollView
    contentContainerStyle={
      Object {
        "backgroundColor": "transparent",
        "padding": 15,
      }
    }
    style={
      Object {
        "backgroundColor": "transparent",
        "flex": 1,
      }
    }
  >
    <TabThumbnail
      isActiveTab={false}
      key="1"
      onSwitch={[Function]}
      tab={
        Object {
          "id": 1,
          "image": "",
          "url": "about:blank",
        }
      }
    />
  </ScrollView>
  <View
    style={
      Object {
        "backgroundColor": "#24272a",
        "flexDirection": "row",
        "height": 80,
        "marginBottom": 0,
        "paddingHorizontal": 20,
        "paddingTop": 17,
        "shadowColor": undefined,
        "shadowOffset": Object {
          "height": 12,
          "width": 0,
        },
        "shadowOpacity": 0.58,
        "shadowRadius": 15,
      }
    }
  >
    <TouchableOpacity
      style={
        Array [
          Object {
            "alignContent": "center",
            "alignSelf": "flex-start",
            "flex": 1,
            "justifyContent": "center",
          },
          Object {
            "justifyContent": "center",
          },
        ]
      }
    >
      <Text
        bold={false}
        centered={false}
        disclaimer={false}
        error={false}
        info={false}
        link={false}
        modal={false}
        primary={false}
        reset={false}
        right={false}
        small={false}
        strikethrough={false}
        style={
          Array [
            Object {
              "color": "#037dd6",
              "fontFamily": "EuclidCircularB-Regular",
              "fontSize": 16,
              "fontWeight": "400",
            },
            null,
          ]
        }
        success={false}
        textAlternative={false}
        textDefault={false}
        underline={false}
        upper={false}
        warning={false}
      >
        Close All
      </Text>
    </TouchableOpacity>
    <View
      style={
        Object {
          "alignContent": "center",
          "alignSelf": "flex-start",
          "flex": 1,
          "justifyContent": "center",
        }
      }
    >
      <TouchableOpacity
        onPress={[Function]}
        style={
          Object {
            "alignContent": "flex-start",
            "alignSelf": "center",
            "backgroundColor": "#037dd6",
            "borderRadius": 100,
            "height": 30,
            "justifyContent": "flex-start",
            "marginTop": -7,
            "width": 30,
          }
        }
      >
        <Icon
          allowFontScaling={false}
          name="plus"
          size={15}
          style={
            Object {
              "alignContent": "center",
              "color": "#ffffff",
              "fontSize": 24,
              "justifyContent": "center",
              "marginTop": 3,
              "textAlign": "center",
            }
          }
        />
      </TouchableOpacity>
    </View>
    <TouchableOpacity
      style={
        Array [
          Object {
            "alignContent": "center",
            "alignSelf": "flex-start",
            "flex": 1,
            "justifyContent": "center",
          },
          Object {
            "alignItems": "flex-end",
            "justifyContent": "center",
          },
        ]
      }
    >
      <Text
        bold={false}
        centered={false}
        disclaimer={false}
        error={false}
        info={false}
        link={false}
        modal={false}
        primary={false}
        reset={false}
        right={false}
        small={false}
        strikethrough={false}
        style={
          Array [
            Object {
              "color": "#037dd6",
              "fontFamily": "EuclidCircularB-Regular",
              "fontSize": 16,
              "fontWeight": "400",
            },
            Object {
              "fontFamily": "EuclidCircularB-Bold",
              "fontWeight": "600",
            },
            null,
          ]
        }
        success={false}
        textAlternative={false}
        textDefault={false}
        underline={false}
        upper={false}
        warning={false}
      >
        Done
      </Text>
    </TouchableOpacity>
  </View>
</View>
`;
