// Jest Snapshot v1, https://goo.gl/fbAQLP

exports[`ExpandedMessage should render correctly 1`] = `
<View
  style={
    Object {
      "backgroundColor": "#141618",
      "borderTopLeftRadius": 20,
      "borderTopRightRadius": 20,
      "minHeight": "70%",
      "padding": 24,
      "paddingBottom": 44,
    }
  }
>
  <TouchableOpacity
    style={
      Object {
        "alignItems": "center",
        "flexDirection": "row",
        "justifyContent": "space-between",
        "marginBottom": 20,
        "width": "100%",
      }
    }
  >
    <Icon
      allowFontScaling={false}
      name="ios-arrow-back"
      size={30}
      style={
        Object {
          "color": "#d6d9dc",
          "flex": 1,
        }
      }
    />
    <Text
      bold={false}
      centered={false}
      disclaimer={false}
      error={false}
      info={false}
      link={false}
      modal={false}
      primary={false}
      reset={false}
      right={false}
      small={false}
      strikethrough={false}
      style={
        Object {
          "flex": 1,
          "fontFamily": "EuclidCircularB-Bold",
          "fontSize": 16,
          "fontWeight": "600",
          "textAlign": "center",
        }
      }
      success={false}
      textAlternative={false}
      textDefault={false}
      underline={false}
      upper={false}
      warning={false}
    >
      Message
    </Text>
    <View
      style={
        Object {
          "flex": 1,
        }
      }
    />
  </TouchableOpacity>
  <View
    style={
      Object {
        "alignItems": "center",
        "marginBottom": 20,
      }
    }
  >
    <WebsiteIcon
      style={
        Object {
          "borderRadius": 20,
          "height": 40,
          "marginBottom": 20,
          "width": 40,
        }
      }
      title="url"
      url="url"
    />
    <Text
      bold={false}
      centered={false}
      disclaimer={false}
      error={false}
      info={false}
      link={false}
      modal={false}
      primary={false}
      reset={false}
      right={false}
      small={false}
      strikethrough={false}
      style={
        Object {
          "fontFamily": "EuclidCircularB-Bold",
          "fontSize": 16,
          "fontWeight": "600",
          "textAlign": "center",
        }
      }
      success={false}
      textAlternative={false}
      textDefault={false}
      underline={false}
      upper={false}
      warning={false}
    >
      Message from
       
      url
    </Text>
  </View>
  <ScrollView
    style={
      Object {
        "flex": 1,
      }
    }
  >
    <TouchableWithoutFeedback>
      <View />
    </TouchableWithoutFeedback>
  </ScrollView>
</View>
`;
