// Jest Snapshot v1, https://goo.gl/fbAQLP

exports[`CustomNonce should render correctly 1`] = `
<TouchableOpacity
  style={
    Object {
      "borderColor": "#d6d9dc",
      "borderRadius": 8,
      "borderWidth": 1,
      "display": "flex",
      "flexDirection": "row",
      "marginHorizontal": 24,
      "marginTop": 10,
      "paddingHorizontal": 16,
      "paddingVertical": 14,
    }
  }
>
  <Text
    blue={false}
    bold={true}
    centered={false}
    disclaimer={false}
    error={false}
    info={false}
    link={false}
    modal={false}
    primary={false}
    reset={false}
    right={false}
    small={false}
    strikethrough={false}
    success={false}
    textAlternative={false}
    textDefault={true}
    underline={false}
    upper={false}
    warning={false}
  >
    Nonce
  </Text>
  <Text
    blue={false}
    bold={true}
    centered={false}
    disclaimer={false}
    error={false}
    info={false}
    link={true}
    modal={false}
    primary={false}
    reset={false}
    right={false}
    small={false}
    strikethrough={false}
    success={false}
    textAlternative={false}
    textDefault={false}
    underline={false}
    upper={false}
    warning={false}
  >
      
    Edit
  </Text>
  <Text
    blue={false}
    bold={true}
    centered={false}
    disclaimer={false}
    error={false}
    info={false}
    link={false}
    modal={false}
    primary={false}
    reset={false}
    right={false}
    small={false}
    strikethrough={false}
    style={
      Object {
        "marginLeft": "auto",
      }
    }
    success={false}
    textAlternative={false}
    textDefault={true}
    underline={false}
    upper={false}
    warning={false}
  />
</TouchableOpacity>
`;
