// Jest Snapshot v1, https://goo.gl/fbAQLP

exports[`MessageSign should render correctly 1`] = `
<Connect(SignatureRequest)
  currentPageInformation={
    Object {
      "title": "title",
      "url": "url",
    }
  }
  onCancel={[Function]}
  onConfirm={[Function]}
  showWarning={true}
  truncateMessage={false}
  type="ethSign"
>
  <View
    style={
      Object {
        "marginBottom": 4,
      }
    }
  >
    <Text
      bold={false}
      centered={false}
      disclaimer={false}
      error={false}
      info={false}
      link={false}
      modal={false}
      onTextLayout={[Function]}
      primary={false}
      reset={false}
      right={false}
      small={false}
      strikethrough={false}
      success={false}
      textAlternative={false}
      textDefault={false}
      underline={false}
      upper={false}
      warning={false}
    >
      message
    </Text>
  </View>
</Connect(SignatureRequest)>
`;
