// Jest Snapshot v1, https://goo.gl/fbAQLP

exports[`ImportPrivateKey should render correctly 1`] = `
<View
  style={
    Object {
      "backgroundColor": "#eaf6ff",
    }
  }
>
  <KeyboardAwareScrollView
    contentContainerStyle={
      Object {
        "flexGrow": 1,
      }
    }
    enableAutomaticScroll={true}
    enableOnAndroid={false}
    enableResetScrollToCoords={true}
    extraHeight={75}
    extraScrollHeight={0}
    keyboardOpeningTime={250}
    resetScrollToCoords={
      Object {
        "x": 0,
        "y": 0,
      }
    }
    style={
      Object {
        "backgroundColor": "#eaf6ff",
      }
    }
    testID="first-incoming-transaction-screen"
    viewIsInsideTabBar={false}
  >
    <View
      style={
        Object {
          "alignItems": "flex-start",
        }
      }
      testID="import-account-screen"
    >
      <TouchableOpacity
        onPress={[Function]}
        style={
          Object {
            "alignSelf": "flex-end",
            "marginTop": 40,
            "paddingBottom": 10,
            "paddingHorizontal": 22,
            "paddingTop": 20,
          }
        }
      >
        <Icon
          allowFontScaling={false}
          name="close"
          size={15}
          style={
            Object {
              "color": "#d6d9dc",
              "fontSize": 28,
            }
          }
        />
      </TouchableOpacity>
      <View
        style={
          Object {
            "padding": 30,
            "paddingTop": 0,
          }
        }
      >
        <Icon
          allowFontScaling={false}
          name="download"
          size={12}
          style={
            Object {
              "fontSize": 50,
              "marginLeft": 0,
              "marginTop": 0,
              "textAlign": "left",
            }
          }
        />
        <Text
          bold={false}
          centered={false}
          disclaimer={false}
          error={false}
          info={false}
          link={false}
          modal={false}
          primary={false}
          reset={false}
          right={false}
          small={false}
          strikethrough={false}
          style={
            Object {
              "color": "#ffffff",
              "fontFamily": "EuclidCircularB-Regular",
              "fontSize": 32,
              "fontWeight": "400",
              "justifyContent": "center",
              "marginBottom": 40,
              "marginTop": 20,
              "textAlign": "left",
            }
          }
          success={false}
          textAlternative={false}
          textDefault={false}
          underline={false}
          upper={false}
          warning={false}
        >
          Import Account
        </Text>
        <View
          style={
            Object {
              "marginBottom": 10,
            }
          }
        >
          <Text
            bold={false}
            centered={false}
            disclaimer={false}
            error={false}
            info={false}
            link={false}
            modal={false}
            primary={false}
            reset={false}
            right={false}
            small={false}
            strikethrough={false}
            style={
              Object {
                "color": "#ffffff",
                "fontFamily": "EuclidCircularB-Regular",
                "fontSize": 14,
                "fontWeight": "400",
                "textAlign": "left",
              }
            }
            success={false}
            textAlternative={false}
            textDefault={false}
            underline={false}
            upper={false}
            warning={false}
          >
            Imported accounts are viewable in your wallet but are not recoverable with your MetaMask Secret Recovery Phrase.
          </Text>
        </View>
        <View
          style={
            Object {
              "marginBottom": 10,
            }
          }
        >
          <Text
            bold={false}
            centered={false}
            disclaimer={false}
            error={false}
            info={false}
            link={false}
            modal={false}
            onPress={[Function]}
            primary={false}
            reset={false}
            right={false}
            small={false}
            strikethrough={false}
            style={
              Object {
                "color": "#ffffff",
                "fontFamily": "EuclidCircularB-Regular",
                "fontSize": 14,
                "fontWeight": "400",
                "textAlign": "left",
              }
            }
            success={false}
            textAlternative={false}
            textDefault={false}
            underline={false}
            upper={false}
            warning={false}
          >
            Learn more about imported accounts here.
          </Text>
        </View>
      </View>
      <View
        style={
          Object {
            "backgroundColor": "#141618",
            "padding": 30,
            "width": "100%",
          }
        }
      >
        <View
          style={
            Object {
              "fontFamily": "EuclidCircularB-Bold",
              "fontSize": 18,
              "fontWeight": "600",
            }
          }
        >
          <Text
            bold={false}
            centered={false}
            disclaimer={false}
            error={false}
            info={false}
            link={false}
            modal={false}
            primary={false}
            reset={false}
            right={false}
            small={false}
            strikethrough={false}
            style={
              Object {
                "fontFamily": "EuclidCircularB-Bold",
                "fontSize": 18,
                "fontWeight": "600",
              }
            }
            success={false}
            textAlternative={false}
            textDefault={false}
            underline={false}
            upper={false}
            warning={false}
          >
            Paste your private key string
          </Text>
        </View>
        <TextInput
          autoCapitalize="none"
          blurOnSubmit={true}
          multiline={true}
          numberOfLines={3}
          onChangeText={[Function]}
          onSubmitEditing={[Function]}
          placeholder="e.g. 3a1076bf45ab87712ad64ccb3b10217737f7faacbf2872e88fdd9a537d8fe266"
          placeholderTextColor="#3c3f42"
          returnKeyType="next"
          style={
            Array [
              Object {
                "backgroundColor": "#141618",
                "borderColor": "#848c96",
                "borderRadius": 4,
                "borderWidth": 0.5,
                "fontFamily": "EuclidCircularB-Regular",
                "fontSize": 15,
                "fontWeight": "400",
                "height": 120,
                "marginBottom": 10,
                "marginTop": 20,
                "paddingBottom": 20,
                "paddingLeft": 20,
                "paddingRight": 20,
                "paddingTop": 20,
              },
              Object {},
            ]
          }
          testID="input-private-key"
          value=""
        />
        <View
          style={
            Object {
              "alignItems": "center",
              "justifyContent": "center",
              "marginTop": 20,
            }
          }
        >
          <TouchableOpacity
            onPress={[Function]}
          >
            <Text
              bold={false}
              centered={false}
              disclaimer={false}
              error={false}
              info={false}
              link={false}
              modal={false}
              primary={false}
              reset={false}
              right={false}
              small={false}
              strikethrough={false}
              style={
                Object {
                  "color": "#037dd6",
                  "fontSize": 14,
                }
              }
              success={false}
              textAlternative={false}
              textDefault={false}
              underline={false}
              upper={false}
              warning={false}
            >
              or Scan a QR Code
            </Text>
          </TouchableOpacity>
        </View>
      </View>
    </View>
    <View
      style={
        Object {
          "backgroundColor": "#141618",
          "flex": 1,
          "justifyContent": "flex-end",
          "padding": 20,
        }
      }
    >
      <StyledButton
        containerStyle={
          Object {
            "marginBottom": 20,
          }
        }
        disabledContainerStyle={
          Object {
            "opacity": 0.6,
          }
        }
        onPress={[Function]}
        styleDisabled={
          Object {
            "opacity": 0.6,
          }
        }
        testID="import-button"
        type="confirm"
      >
        IMPORT
      </StyledButton>
    </View>
  </KeyboardAwareScrollView>
</View>
`;
